// Jest Snapshot v1, https://goo.gl/fbAQLP

exports[`Table search render test 1`] = `
<div
  class="abris-search"
>
  <input
    class="abris-search__value"
    placeholder="Search..."
    value="something"
  />
  <div
    class="abris-search__button"
    title="Search"
  >
    <div
      class="abris-svg-icon abris-search__icon"
    />
  </div>
</div>
`;
