// Jest Snapshot v1, https://goo.gl/fbAQLP

exports[`Table search render test 1`] = `
<div
  class="table4js-search"
>
  <input
    class="table4js-search__value"
    placeholder="Search..."
    value="something"
  />
  <div
    class="table4js-search__button"
    title="Search"
  >
    <div
      class="table4js-svg-icon table4js-search__icon"
    />
  </div>
</div>
`;
